Script started on Wed Dec  3 11:40:22 1997
anne(manuel): bernina < ../samples/ldense.bna

                                                          /\    
      -----  IT                                          /| \    
      \              B E R N I N A  0.1.10a             / |  \    
       \                                               |   \  \   
       /                 A Sum^it server               |    |  \  
      /                                                /     \  \ 
      -----                                           /      |   \
                   Use ^D to terminate session       /       /    \


Input format = infix
Independent variable = x
Derivation = D
Second variable for Darboux curves = y

1 --> 0:00:00.000

2 --> 0:00:00.050

3 --> 0:00:00.134

4 --> 100
0:00:00.000

5 --> 0:00:00.050

6 --> 100
0:00:00.000

7 --> 0:00:00.000

8 --> 0:00:00.000

9 --> 0:00:00.300

10 --> 400
0:00:00.000

11 --> 0:00:00.183

12 --> 400
0:00:00.000

13 --> 0:00:00.000

14 --> 0:00:00.000

15 --> 0:00:00.667

16 --> 900
0:00:00.000

17 --> 0:00:00.633

18 --> 900
0:00:00.000

19 --> 0:00:00.000

20 --> 0:00:00.000

21 --> 0:00:01.550

22 --> 1600
0:00:00.000

23 --> 0:00:01.500

24 --> 1600
0:00:00.000

25 --> 0:00:00.000

26 --> 0:00:00.000

27 --> 0:00:03.666

28 --> 2500
0:00:00.000

29 --> 0:00:04.217

30 --> 2500
0:00:00.000

31 --> 0:00:00.000

32 --> 0:00:00.017

33 --> 0:00:09.400

34 --> 3600
0:00:00.000

35 --> 0:00:10.383

36 --> 3600
0:00:00.000

37 --> 
38 --> 
anne(manuel): bernina < ../samples/lrat.bna 

                                                          /\    
      -----  IT                                          /| \    
      \              B E R N I N A  0.1.10a             / |  \    
       \                                               |   \  \   
       /                 A Sum^it server               |    |  \  
      /                                                /     \  \ 
      -----                                           /      |   \
                   Use ^D to terminate session       /       /    \


Input format = infix
Independent variable = x
Derivation = D
Second variable for Darboux curves = y

1 --> 0:00:01.950

2 --> 0:00:05.116

3 --> [ {{x^{12}+{{7} \over {4}}\,x^{11}+{{193} \over {64}}\,x^{10}+{{897} \over {224}}\,x^{9}+{{421} \over {448}}\,x^{8}+{{115} \over {56}}\,x^{7}-{{671} \over {3136}}\,x^{6}-{{115} \over {196}}\,x^{5}+{{7603} \over {3136}}\,x^{4}-{{3111} \over {1568}}\,x^{3}+{{2969} \over {3136}}\,x^{2}-{{45} \over {196}}\,x+{{1} \over {49}}} \over {x^{6}+{{11} \over {17}}\,x^{5}+{{37} \over {85}}\,x^{4}+{{7} \over {17}}\,x^{3}-{{97} \over {85}}\,x^{2}-{{10} \over {17}}\,x-{{79} \over {85}}}} ]
0:00:00.000

4 --> linalg[vector](1,[(((x)^(12))+(((7)/(4))*((x)^(11)))+(((193)/(64))*((x)^(10)))+(((897)/(224))*((x)^(9)))+(((421)/(448))*((x)^(8)))+(((115)/(56))*((x)^(7)))+(-(((671)/(3136))*((x)^(6))))+(-(((115)/(196))*((x)^(5))))+(((7603)/(3136))*((x)^(4)))+(-(((3111)/(1568))*((x)^(3))))+(((2969)/(3136))*((x)^(2)))+(-(((45)/(196))*(x)))+((1)/(49)))/(((x)^(6))+(((11)/(17))*((x)^(5)))+(((37)/(85))*((x)^(4)))+(((7)/(17))*((x)^(3)))+(-(((97)/(85))*((x)^(2))))+(-(((10)/(17))*(x)))+(-((79)/(85))))]);
0:00:00.017

5 --> 0
0:00:00.583

6 --> 
7 --> 
anne(manuel): bernina -ilisp < ../samples/lcyclic.bna 

                                                          /\    
      -----  IT                                          /| \    
      \              B E R N I N A  0.1.10a             / |  \    
       \                                               |   \  \   
       /                 A Sum^it server               |    |  \  
      /                                                /     \  \ 
      -----                                           /      |   \
                   Use ^D to terminate session       /       /    \


Input format = lisp
Independent variable = x
Derivation = D
Second variable for Darboux curves = y

1 --> 0:00:19.816

2 --> 0:00:03.300

3 --> [  ]
0:00:00.000

4 --> 0:00:07.617

5 --> [  ]
0:00:00.000

6 --> 
7 --> 
anne(manuel): bernina < ../samples/lsparse.bna 

                                                          /\    
      -----  IT                                          /| \    
      \              B E R N I N A  0.1.10a             / |  \    
       \                                               |   \  \   
       /                 A Sum^it server               |    |  \  
      /                                                /     \  \ 
      -----                                           /      |   \
                   Use ^D to terminate session       /       /    \


Input format = infix
Independent variable = x
Derivation = D
Second variable for Darboux curves = y

1 --> 0:00:00.000

2 --> 0:00:00.200

3 --> 0:00:00.350

4 --> [ x^{125}+1 ]
0:00:00.017

5 --> 0:00:00.283

6 --> [ x^{125}+1 ]
0:00:00.000

7 --> 0:00:00.000

8 --> 0:00:00.217

9 --> 0:00:00.333

10 --> [ x^{216}+1 ]
0:00:00.000

11 --> 0:00:00.450

12 --> [ x^{216}+1 ]
0:00:00.000

13 --> 0:00:00.000

14 --> 0:00:00.167

15 --> 0:00:00.550

16 --> [ x^{343}+1 ]
0:00:00.000

17 --> 0:00:00.717

18 --> [ x^{343}+1 ]
0:00:00.000

19 --> 0:00:00.000

20 --> 0:00:00.150

21 --> 0:00:00.916

22 --> [ x^{512}+1 ]
0:00:00.000

23 --> 0:00:01.184

24 --> [ x^{512}+1 ]
0:00:00.000

25 --> 0:00:00.000

26 --> 0:00:00.183

27 --> 0:00:01.417

28 --> [ x^{729}+1 ]
0:00:00.000

29 --> 0:00:01.716

30 --> [ x^{729}+1 ]
0:00:00.000

31 --> 0:00:00.000

32 --> 0:00:00.250

33 --> 0:00:02.317

34 --> [ x^{1000}+1 ]
0:00:00.000

35 --> 0:00:02.733

36 --> [ x^{1000}+1 ]
0:00:00.017

37 --> 0:00:00.000

38 --> 0:00:00.250

39 --> 0:00:03.916

40 --> [ x^{1331}+1 ]
0:00:00.000

41 --> 0:00:03.784

42 --> [ x^{1331}+1 ]
0:00:00.000

43 --> 0:00:00.000

44 --> 0:00:00.333

45 --> 0:00:05.633

46 --> [ x^{1728}+1 ]
0:00:00.017

47 --> 0:00:06.150

48 --> [ x^{1728}+1 ]
0:00:00.000

49 --> 0:00:00.000

50 --> 0:00:00.367

51 --> 0:00:08.733

52 --> [ x^{2197}+1 ]
0:00:00.000

53 --> 0:00:08.833

54 --> [ x^{2197}+1 ]
0:00:00.000

55 --> 0:00:00.000

56 --> 0:00:01.267

57 --> 0:01:30.317

58 --> [ x^{8000}+1 ]
0:00:00.000

59 --> 0:01:33.516

60 --> [ x^{8000}+1 ]
0:00:00.000

61 --> 0:00:00.000

62 --> 0:00:03.250

63 --> 0:16:24.050

64 --> [ x^{27000}+1 ]
0:00:00.000

65 --> 0:16:23.650

66 --> [ x^{27000}+1 ]
0:00:00.000

67 --> 
68 --> 
anne(manuel): exit
exit

script done on Wed Dec  3 16:11:08 1997
