Script started on Wed Dec  3 11:39:37 1997
anne(manuel): maple < s[Kisolde.in
    |\^/|     Maple V Release 4 (Ecole Polytechnique)
._|\|   |/|_. Copyright (c) 1981-1996 by Waterloo Maple Inc. All rights
 \  MAPLE  /  reserved. Maple and Maple V are registered trademarks of
 <____ ____>  Waterloo Maple Inc.
      |       Type ? for help.
> with(ISOLDE);
            [exp_parts, expsolde, formal_sols, ratsolde, reg_sols]

> read(rwca98);
> 
> for i to 6 do
> 	t := time(); p := polsolde(subs(n=10*i,L_dense), y(x));
> 	tp := time() - t; f := ratsolde(subs(n=10*i,L_dense), y(x));
> 	tr := time() + t - tp;
> 	printf(`Time for L_dense(%a) = %f (pol), %f (rat), degree = %a\n`,
> 		10*i, tp, tr, degree(p, x));
> od:
Time for L_dense(10) = .001 (pol), 1.961 (rat), degree = 100
Time for L_dense(20) = .605 (pol), 2.7 (rat), degree = 400
Time for L_dense(30) = 1.871 (pol), 6.394 (rat), degree = 900
Time for L_dense(40) = 5.621 (pol), 18.361 (rat), degree = 1600
Time for L_dense(50) = 15.864 (pol), 53.903 (rat), degree = 2500
Time for L_dense(60) = 34.618 (pol), 145.615 (rat), degree = 3600
> 
> t := time(): f := ratsolde(L_rat, y(x)): tr := time() - t:
> printf(`Time for L_rat = %f (rat), sol = %a\n`, tr, f);
Time for L_rat = 3.755 (rat), sol = 4760/(4760*x^12+7245*x^11+10122*x^10+12083*x^9-3266*x^8-2659*x^7-11378*x^6-13390*x^5-825*x^4-6198*x^3+3187*x^2-3155*x+632)*(c[4]*x^18+21/8*c[4]*x^17+363/64*c[4]*x^16+c[3]*x^15+(5067028853996177243037/4720623300564437213920*c[3]-29988275873745793782089421/16918713909222942974689280*c[4])*x^14+(6397920423288610048354593/3210023844383817305465600*c[3]-112550163393271176154729242609/11504725458271601222788710400*c[4])*x^13+(301963757369795869833192657/128400953775352692218624000*c[3]-8211711313695980232910146811041/460189018330864048911548416000*c[4])*x^12+(-153412338610535216478260221107/50333173879938255349700608000*c[3]+5375375358381297270636708113913891/180394095185698707173326979072000*c[4])*x^11+(232659639126541038127934216169/82176610416225723019919360000*c[3]-6392964919872379404734919813200697/294520971731752991303390986240000*c[4])*x^10+(-97786162430456868523155397035747/32213231283160483423808389120000*c[3]+3060741846121493581515488735583056211/115452220918847172590929266606080000*c[4])*x^9+(-22768688012494384751827277574201819/45098523796424676793331744768000000*c[3]+1284023723644505414116239730854683379147/161633109286386041627300973248512000000*c[4])*x^8+c[1]*x^7+(41/68*c[1]-1045780798701987193507812438649908348721/110401186253647608790076111192064000000*c[3]+34223294947682614617283220099875896695407873/395677851533073029903632782512357376000000*c[4])*x^6+(176121/601120*c[1]+13320453484534470743483825130564558504828767/2277208468458571343976636586854973440000000*c[3]-422542438215570953700966039339702234277603235471/8161515150955519696812265527288224808960000000*c[4])*x^5+(110853867/235639040*c[1]-14217028492247448483678529418226331474682674103/1402760416570479947889608137502663639040000000*c[3]+472506186454519942900895584525622996030979323316839/5027493332988600133236355564809546482319360000000*c[4])*x^4+(-36207560933/20197632000*c[1]+574175841128221628386348297221584956182609859699/40078869044870855653988803928647532544000000000*c[3]-19374566601692977966971983225934
628121197177863791587/143642666656817146663895873280272756637696000000000*c[4])*x^3+(-2201963964371500555229394386352071558654292875881/152620333322868218330389365360289803927552000000000*c[3]+180717958205972107320466613579955688727690177449280953/546991274629159694496115485451278657276346368000000000*c[4]-813660310683/1508089856000*c[1])*x^2+(946588472209493717956500529385904179430576124048261867/255518014603168887461278085068027260699672576000000000*c[3]-31814611761673268082392226605366514124690982442068189815771/915776564337757292661220656883809702347626512384000000000*c[4]-98928747638517/110438580224000*c[1])*x-1521561230054167/103370511089664000*c[1]+15051448655035826222558227144170195322814549970740516977/5081158233251587019229987063067056384199203225600000000*c[3]-39943006290788991558278015362766548442843940637590527017477/1400836239074899067455405664156333083151534181580800000000*c[4])
> 
> ns := [5,6,7,8,9,10,11,12,13,20,30];
                 m := [5, 6, 7, 8, 9, 10, 11, 12, 13, 20, 30]

> for i to nops(ns) do
> 	t := time(); p := polsolde(subs(n=ns[i],L_sparse), y(x));
> 	tp := time() - t; f := ratsolde(subs(n=i,L_sparse), y(x));
> 	tr := time() + t - tp;
> 	printf(`Time for L_sparse(%a) = %f (pol), %f (rat), sol = %a\n`,
> 		ns[i], tp, tr, p);
> od:
Time for L_sparse(5) = .114 (pol), 264.4 (rat), sol = c[1]*x^125+c[1]
Time for L_sparse(6) = .022 (pol), 264.749 (rat), sol = c[1]*x^216+c[1]
Time for L_sparse(7) = .021 (pol), 265.021 (rat), sol = c[1]*x^343+c[1]
Time for L_sparse(8) = .023 (pol), 265.411 (rat), sol = c[1]*x^512+c[1]
Time for L_sparse(9) = .025 (pol), 266.005 (rat), sol = c[1]*x^729+c[1]
Time for L_sparse(10) = .02 (pol), 266.736 (rat), sol = c[1]*x^1000+c[1]
Time for L_sparse(11) = .022 (pol), 268.042 (rat), sol = c[1]*x^1331+c[1]
Time for L_sparse(12) = .023 (pol), 270.168 (rat), sol = c[1]*x^1728+c[1]
Time for L_sparse(13) = .02 (pol), 274.411 (rat), sol = c[1]*x^2197+c[1]
Time for L_sparse(20) = .023 (pol), 280.059 (rat), sol = c[1]*x^8000+c[1]
Time for L_sparse(30) = .023 (pol), 287.778 (rat), sol = c[1]*x^27000+c[1]
> 
> t := time(): p := polsolde(L_cyclic, y(x)): tp := time() - t:
> printf(`Time for L_cyclic = %f (pol), sol = %a\n`, tp, p);
Time for L_cyclic = 57.482 (pol), sol = c[1]
> 
> t := time(): f := ratsolde(L_cyclic, y(x)): tr := time() - t:
> printf(`Time for L_cyclic = %f (rat), sol = %a\n`, tr, f);
Time for L_cyclic = 65.945 (rat), sol = 0
> done
anne(manuel): exit
exit

script done on Wed Dec  3 11:53:56 1997
