Timings on fkrishna (dec pws500)


1. With matrix computation of p-curvature

  p        airy      NCR/Darboux     NCR/no Darboux
------------------------------------------------------
   3	   0.216	0.134		0.166
   5	   0.167	0.134		0.184
  41	   0.233	0.650		1.033
 101	   0.284	2.450		5.183
 503	   1.517          *		  *
1009	   3.933          *		  *


2. With right-remainder computation of f-coefficient

  p        airy      NCR/Darboux     NCR/no Darboux
------------------------------------------------------
   3	   0.216	0.083		0.083
   5	   0.167	0.183		0.100
  41	   0.216	3.434		2.500
 101	   0.317	  *		  *
 503	   1.866	  *		  *
1009	   5.417	  *		  *


3. With left-remainder computation of f-coefficient

  p        airy      NCR/Darboux     NCR/no Darboux
------------------------------------------------------
   3	   0.250	0.233		0.083
   5	   0.166	0.234		0.100
  41	   0.234	0.466		0.483
 101	   0.350	2.267		3.367
 503	   2.366	  *		  *
1009	   7.650	  *		  *


4. With left-iteration computation of f-coefficient

  p        airy      NCR/Darboux     NCR/no Darboux
------------------------------------------------------
   3	   0.216	0.250		0.234
   5	   0.167	0.116		0.183
  41	   0.217	0.216		0.583
 101	   0.266	1.084		2.500
 503	   0.717	 0:58		 3:10
1009	   1.800	 6:57		22:29


5. With fraction-free left iteration

  p        airy      NCR/Darboux     NCR/no Darboux
------------------------------------------------------
   3	   0.233	 0.134		 0.134
   5	   0.167	 0.117		 0.117
  41	   0.216	 0.217		 0.217
 101	   0.267	 0.183		 0.400
 503	   0.700	 3.350		 6.466
1009	   1.667	10.800		21.617
