	nirvana		  nirvana	 korrigan	 korrigan	fkrishna
	 linux		   linux	  solaris	  solaris	 decosf1
	0.1.10		  0.1.10	  0.1.10	  0.1.10	 0.1.10
        no-gmp		   gmp		  no-gmp	   gmp-v8	  gmp
1 --> 0:00:00.140	0:00:00.130	0:00:00.200	0:00:00.200  0:00:00.067

2 --> 0:00:00.320	0:00:00.280	0:00:00.320	0:00:00.330  0:00:00.083

3 --> 0:00:00.700	0:00:00.740	0:00:00.870	0:00:01.050  0:00:00.200

4 --> 0:00:03.070	0:00:03.170	0:00:03.600	0:00:04.770  0:00:00.967

5 --> 0:00:12.060	0:00:11.570	0:00:15.780	0:00:18.430  0:00:03.866

6 --> 0:00:52.790	0:00:39.930	0:01:16.500	0:01:26.350  0:00:14.567

7 --> 0:00:00.050	0:00:00.040	0:00:00.050	0:00:00.150  0:00:00.017

8 --> 0:00:00.140	0:00:00.130	0:00:00.170	0:00:00.160  0:00:00.033

9 --> 0:00:00.640	0:00:00.560	0:00:00.720	0:00:00.900  0:00:00.200

10 --> 0:00:04.160	0:00:02.980	0:00:05.290	0:00:05.400  0:00:01.517

11 --> 0:00:41.550	0:00:20.870	0:01:02.500	0:01:12.040  0:00:08.516

12 --> 								     0:00:47.334

13 --> 								     0:00:00.000

14 --> 								     0:00:00.066

15 --> 								     0:00:55.267

16 --> 								     0:00:00.117

17 --> 								     0:00:00.183

18 --> 								     0:00:02.917

19 --> 								     0:00:32.833


	krishna		 krishna
	0.1.10		 0.1.11g
         gmp		  gmp
F36/5:
5 --> 0:00:03.866	0:00:03.233

F36/6:
6 --> 0:00:14.567	0:00:09.950

G168/4:
10 --> 0:00:01.517	0:00:00.967

G168/5:
11 --> 0:00:08.516	0:00:04.950

G168/6:
12 --> 0:00:47.334	0:00:23.167

PSL3/2:
15 --> 0:00:55.267	0:00:33.717

L/3:
18 --> 0:00:02.917	0:00:03.133

L/4:
19 --> 0:00:32.833	0:00:29.067


	krishna	         	krishna				 krishna
	dev/29-2-00	       dev/28-3-00			dev/29-5-00
        aldor(gmp2)	 aldor(gmp2)   gmp(gmp2)	aldor(gmp3)   gmp(gmp3)
                               no for-loops			no for-loops
F36/5:
5 --> 0:00:03.583	0:00:02.917  0:00:02.667	0:00:02.850 0:00:02.700

F36/6:
6 --> 0:00:09.450	0:00:08.167  0:00:05.933	0:00:07.950 0:00:05.917

G168/4:
10 --> 0:00:01.333	0:00:01.183  0:00:00.550	0:00:01.183 0:00:00.567

G168/5:
11 --> 0:00:03.117	0:00:03.383  0:00:03.067	0:00:02.717 0:00:02.666

G168/6:
12 --> 0:00:11.333	0:00:10.366  0:00:09.083	0:00:10.316 0:00:08.517

PSL3/2:
15 --> 0:00:25.884	0:00:24.850  0:00:23.283	0:00:22.433 0:00:21.100

L/3:
18 --> 0:00:04.100	0:00:02.067  0:00:01.983	0:00:02.033 0:00:01.833

L/4:
19 --> 0:00:30.850	0:00:26.783  0:00:24.583	0:00:27.167 0:00:23.384

