Script started on Mon Nov 29 12:11:44 1999
obelix{bmanuel} 42: rtest
23
38
47
50
47
38
23
2
---------------------
14
22
26
26
22
14
2
--------------------------
1
Variant : 1
Time for resultant = 23046
Time for lastMySPRS = 15199
--------------------
24
21
18
15
12
9
6
3
---------------------
14
12
10
8
6
4
2
--------------------------
1
Variant : 2
Time for resultant = 5629
Time for lastMySPRS = 2763
--------------------
3
6
9
12
15
18
21
24
---------------------
2
4
6
8
10
12
14
--------------------------
1
Variant : 3
Time for resultant = 2743
Time for lastMySPRS = 2739
--------------------
2
23
38
47
50
47
38
23
---------------------
2
12
18
20
18
12
2
--------------------------
1
Variant : 4
Time for resultant = 14763
Time for lastMySPRS = 11906
--------------------
1
13
21
25
25
21
13
1
---------------------
2
12
18
20
18
12
2
--------------------------
1
Variant : 5
Time for resultant = 6740
Time for lastMySPRS = 4613
--------------------
obelix{bmanuel} 43: exit
exit

script done on Mon Nov 29 12:20:07 1999
